Healthcheck target: https://namegawa-brass-lab.onrender.com
Check date: 2026-08-10
[PASS] GET /api/lesson-slot-statuses
[PASS] POST /api/lesson-reservations (non-destructive probe)
All checks passed.
Healthcheck target: https://namegawa-brass-lab.onrender.com
Check date: 2026-08-10
[PASS] GET /api/lesson-slot-statuses
[PASS] POST /api/lesson-reservations (non-destructive probe)
All checks passed.
Healthcheck target: https://namegawa-brass-lab.onrender.com
Check date: 2026-08-11
Healthcheck target: https://namegawa-brass-lab.onrender.com
Check date: 2026-08-11
Healthcheck target: https://namegawa-brass-lab.onrender.com
Check date: 2026-08-11
[PASS] GET /api/lesson-slot-statuses
[PASS] POST /api/lesson-reservations (non-destructive probe)
All checks passed.
Healthcheck target: https://namegawa-brass-lab.onrender.com
Check date: 2026-08-11
[PASS] GET /api/lesson-slot-statuses
[PASS] POST /api/lesson-reservations (non-destructive probe)
All checks passed.
Healthcheck target: https://namegawa-brass-lab.onrender.com
Check date: 2026-08-11
Healthcheck target: https://namegawa-brass-lab.onrender.com
Check date: 2026-08-11
Healthcheck target: https://namegawa-brass-lab.onrender.com
Check date: 2026-08-11
Healthcheck target: https://namegawa-brass-lab.onrender.com
Check date: 2026-08-11
Healthcheck target: https://namegawa-brass-lab.onrender.com
Check date: 2026-08-11
Healthcheck target: https://namegawa-brass-lab.onrender.com
Check date: 2026-08-11
Healthcheck target: https://namegawa-brass-lab.onrender.com
Check date: 2026-08-12
[PASS] GET /api/lesson-slot-statuses
[PASS] POST /api/lesson-reservations (non-destructive probe)
All checks passed.
Healthcheck target: https://namegawa-brass-lab.onrender.com
Check date: 2026-08-12
Healthcheck target: https://namegawa-brass-lab.onrender.com
Check date: 2026-08-12
Healthcheck target: https://namegawa-brass-lab.onrender.com
Check date: 2026-08-12
Healthcheck target: https://namegawa-brass-lab.onrender.com
Check date: 2026-08-13
[PASS] GET /api/lesson-slot-statuses
[PASS] POST /api/lesson-reservations (non-destructive probe)
All checks passed.
Healthcheck target: https://namegawa-brass-lab.onrender.com
Check date: 2026-08-13
Healthcheck target: https://namegawa-brass-lab.onrender.com
Check date: 2026-08-13
[PASS] GET /api/lesson-slot-statuses
[PASS] POST /api/lesson-reservations (non-destructive probe)
All checks passed.
Healthcheck target: https://namegawa-brass-lab.onrender.com
Check date: 2026-08-14
[PASS] GET /api/lesson-slot-statuses
[PASS] POST /api/lesson-reservations (non-destructive probe)
[PASS] GET /api/store/product
[SKIP] GET /api/store/health (store is disabled)
All checks passed.
Healthcheck target: https://namegawa-brass-lab.onrender.com
Check date: 2026-08-14
[PASS] GET /api/lesson-slot-statuses
[PASS] POST /api/lesson-reservations (non-destructive probe)
[PASS] GET /api/store/product
[SKIP] GET /api/store/health (store is disabled)
All checks passed.
Healthcheck target: https://namegawa-brass-lab.onrender.com
Check date: 2026-08-15
Healthcheck target: https://namegawa-brass-lab.onrender.com
Check date: 2026-08-15
[PASS] GET /api/lesson-slot-statuses
[PASS] POST /api/lesson-reservations (non-destructive probe)
[PASS] GET /api/store/product
Healthcheck target: https://namegawa-brass-lab.onrender.com
Check date: 2026-08-15
Healthcheck target: https://namegawa-brass-lab.onrender.com
Check date: 2026-08-16
[PASS] GET /api/lesson-slot-statuses
[PASS] POST /api/lesson-reservations (non-destructive probe)
[PASS] GET /api/store/product
Healthcheck target: https://namegawa-brass-lab.onrender.com
Check date: 2026-08-16
Healthcheck target: https://namegawa-brass-lab.onrender.com
Check date: 2026-08-16
[PASS] GET /api/lesson-slot-statuses
[PASS] POST /api/lesson-reservations (non-destructive probe)
[PASS] GET /api/store/product
Healthcheck target: https://namegawa-brass-lab.onrender.com
Check date: 2026-08-16
[PASS] GET /api/lesson-slot-statuses
[PASS] POST /api/lesson-reservations (non-destructive probe)
[PASS] GET /api/store/product
Healthcheck target: https://namegawa-brass-lab.onrender.com
Check date: 2026-08-17
Healthcheck target: https://namegawa-brass-lab.onrender.com
Check date: 2026-08-17
Healthcheck target: https://namegawa-brass-lab.onrender.com
Check date: 2026-08-17
Healthcheck target: https://namegawa-brass-lab.onrender.com
Check date: 2026-08-17
Healthcheck target: https://namegawa-brass-lab.onrender.com
Check date: 2026-08-17
Healthcheck target: https://namegawa-brass-lab.onrender.com
Check date: 2026-08-17
[PASS] GET /api/lesson-slot-statuses
[PASS] POST /api/lesson-reservations (non-destructive probe)
[PASS] GET /api/store/product
Healthcheck target: https://namegawa-brass-lab.onrender.com
Check date: 2026-08-17
[PASS] GET /api/lesson-slot-statuses
[PASS] POST /api/lesson-reservations (non-destructive probe)
[PASS] GET /api/store/product
Healthcheck target: https://namegawa-brass-lab.onrender.com
Check date: 2026-08-18
Healthcheck target: https://namegawa-brass-lab.onrender.com
Check date: 2026-08-18
[PASS] GET /api/lesson-slot-statuses
[PASS] POST /api/lesson-reservations (non-destructive probe)
[PASS] GET /api/store/product
Healthcheck target: https://namegawa-brass-lab.onrender.com
Check date: 2026-08-18
Healthcheck target: https://namegawa-brass-lab.onrender.com
Check date: 2026-08-19
Healthcheck target: https://namegawa-brass-lab.onrender.com
Check date: 2026-08-19
[PASS] GET /health
[PASS] GET /api/lesson-slot-statuses
[PASS] POST /api/lesson-reservations (non-destructive probe)
[PASS] GET /api/store/product
[PASS] GET /api/store/flow-harmony/product
Healthcheck target: https://namegawa-brass-lab.onrender.com
Check date: 2026-08-19
[PASS] GET /health
[PASS] GET /api/lesson-slot-statuses
[PASS] POST /api/lesson-reservations (non-destructive probe)
[PASS] GET /api/store/product
[PASS] GET /api/store/flow-harmony/product
Healthcheck target: https://namegawa-brass-lab.onrender.com
Check date: 2026-08-19
Healthcheck target: https://namegawa-brass-lab.onrender.com
Check date: 2026-08-20
[PASS] GET /health
[PASS] GET /api/lesson-slot-statuses
[PASS] POST /api/lesson-reservations (non-destructive probe)
[PASS] GET /api/store/product
[PASS] GET /api/store/flow-harmony/product
